// Jest Snapshot v1, https://goo.gl/fbAQLP

exports[`renders correctly 1`] = `
<div
  className="css-lg8ucf"
>
  <div
    className="css-ai50z5"
  >
    <span
      className="css-1p4nx4e"
    >
      Niterói
       - 
      Brasil
    </span>
    <div
      className="css-co946m"
    >
      <span
        className="css-vurnku"
      >
        20ºC
         
        Nublado
      </span>
    </div>
    <div
      className="css-so1jmj"
    >
      <span
        className="css-vurnku"
      >
        Sensação
      </span>
      <span
        className="css-1k3micg"
      />
    </div>
    <div
      className="css-so1jmj"
    >
      <span
        className="css-vurnku"
      >
        Vento
      </span>
      <span
        className="css-9ewue0"
      >
        18km/h
      </span>
      <span
        className="css-1l3oubh"
      >
        Umidade
      </span>
      <span
        className="css-vurnku"
      >
        89%
      </span>
    </div>
    <div
      className="css-1ujbi4u"
    />
  </div>
</div>
`;
