// Jest Snapshot v1, https://goo.gl/fbAQLP

exports[`renders correctly 1`] = `
<div
  className="css-copng3"
>
  <span
    className="css-vurnku"
  >
    Capitais
  </span>
  <div
    className="css-1ksewea"
  >
    <div
      className="css-vurnku"
    >
      <span
        className="css-1ij4mp1"
      >
        Temp
      </span>
    </div>
    <div
      className="css-18bjykf"
    >
      <span
        className="css-1ij4mp1"
      >
        Temp
      </span>
    </div>
  </div>
  <div
    className="css-124fqsq"
  >
    <div
      className="css-vurnku"
    >
      <span
        className="css-1mbp25s"
      >
        35ºC
      </span>
      <span
        className="css-1mbp25s"
      >
        Rio de Janeiro
      </span>
    </div>
    <div
      className="css-vurnku"
    >
      <span
        className="css-1mbp25s"
      >
        25ºC
      </span>
      <span
        className="css-1mbp25s"
      >
        São Paulo
      </span>
    </div>
    <div
      className="css-vurnku"
    >
      <span
        className="css-1mbp25s"
      >
        15ºC
      </span>
      <span
        className="css-1mbp25s"
      >
        Belo Horizonte
      </span>
    </div>
    <div
      className="css-vurnku"
    >
      <span
        className="css-1mbp25s"
      >
        30ºC
      </span>
      <span
        className="css-1mbp25s"
      >
        Brasília
      </span>
    </div>
    <div
      className="css-vurnku"
    >
      <span
        className="css-1mbp25s"
      >
        35ºC
      </span>
      <span
        className="css-1mbp25s"
      >
        Belém
      </span>
    </div>
    <div
      className="css-vurnku"
    >
      <span
        className="css-1mbp25s"
      >
        33ºC
      </span>
      <span
        className="css-1mbp25s"
      >
        Salvador
      </span>
    </div>
    <div
      className="css-vurnku"
    >
      <span
        className="css-1mbp25s"
      >
        10ºC
      </span>
      <span
        className="css-1mbp25s"
      >
        Curitiba
      </span>
    </div>
    <div
      className="css-vurnku"
    >
      <span
        className="css-1mbp25s"
      >
        27ºC
      </span>
      <span
        className="css-1mbp25s"
      >
        Fortaleza
      </span>
    </div>
    <div
      className="css-vurnku"
    >
      <span
        className="css-1mbp25s"
      >
        33ºC
      </span>
      <span
        className="css-1mbp25s"
      >
        Manaus
      </span>
    </div>
    <div
      className="css-vurnku"
    >
      <span
        className="css-1mbp25s"
      >
        30ºC
      </span>
      <span
        className="css-1mbp25s"
      >
        João Pessoa
      </span>
    </div>
  </div>
</div>
`;
